exports[`test should render <App /> correctly 1`] = `
<View
  style={
    Object {
      "backgroundColor": "#70A1D7",
      "flex": 1,
    }
  } />
`;
