exports[`test should render <Root /> correctly 1`] = `<View />`;
